// Vitest Snapshot v1, https://vitest.dev/guide/snapshot.html

exports[`<Content /> > renders some simple content 1`] = `
<p>
  Lorem ipsum dolor sit amet, consectetur adipiscing elit. Vivamus quis sodales arcu. Ut nec imperdiet orci. Mauris ullamcorper lacus tincidunt dolor semper interdum. Nulla luctus ex vel volutpat ultricies. Mauris vel magna diam. Quisque non congue diam. Sed neque lacus, auctor vitae arcu eu, pellentesque condimentum lorem. Donec at rutrum mauris. Fusce molestie, metus vel aliquet elementum, felis dolor placerat nisi, a ultricies eros ipsum id lacus. Donec eget dolor lacus.
</p>
`;
