// Vitest Snapshot v1, https://vitest.dev/guide/snapshot.html

exports[`Banner > renders 1`] = `
<div>
  <div
    class="content-grid wide"
  >
    <div
      class="banner"
    >
      <div
        class="banner__content"
      >
        <h1>
          Welcome to my website
        </h1>
        <p>
          My name is Kurtis Rogers, a proper Software Engineer from Bristol, UK
        </p>
        <ul>
          <li>
            Specialising in Frontend technology since 2018
          </li>
          <li>
            Expert in leading frameworks including serverside Node development (Express/Koa)
          </li>
          <li>
            Experienced in building and developing accessible themes in both Drupal and WordPress
          </li>
          <li>
            Effective and approachable mentor
          </li>
          <li>
            Team player, able to build robust yet relaxed relationships with colleagues and stakeholders alike
          </li>
        </ul>
        <p>
          Want to know more?
        </p>
        <a
          class="button"
          href="/about"
        >
          Read more about me
        </a>
      </div>
      <div
        class="banner__image"
      >
        <picture>
          <source
            media="(min-width: 1420px)"
            srcset="/images/pexels-jack-davis-86003658-9069564-xl.webp"
          />
           
          <source
            media="(min-width: 960px)"
            srcset="/images/pexels-jack-davis-86003658-9069564-lg.webp"
          />
           
          <source
            media="(min-width: 768px)"
            srcset="/images/pexels-jack-davis-86003658-9069564-md.webp"
          />
           
          <source
            media="(min-width: 320px)"
            srcset="/images/pexels-jack-davis-86003658-9069564-sm.webp"
          />
           
          <img
            alt="A photo of The Milky Way, lots of stars and some star-making gas clouds far far away..."
            class="w-full h-full object-cover"
            decoding="async"
            loading="eager"
            src="/images/pexels-jack-davis-86003658-9069564-thumbnail.webp"
          />
        </picture>
      </div>
    </div>
  </div>
</div>
`;
