// Vitest Snapshot v1, https://vitest.dev/guide/snapshot.html

exports[`Banner > renders 1`] = `
<div>
  <section
    class="banner page-sibling content-grid--dark"
  >
    <div
      class="banner__content"
    >
      <hgroup
        class="banner__content--copy fade--in_up"
      >
        <h1
          class="text-size-h2"
        >
          Software Engineer
        </h1>
        <p>
          My name is Kurtis Rogers and I'm an experienced fullstack software engineer from Bristol, UK.
        </p>
        <ul>
          <li>
            An expert in popular frontend frameworks including serverside Node development (Express/Koa)
          </li>
          <li>
            Effective and approachable mentor to less experienced colleagues, always willing to help folks where I can.
          </li>
          <li>
            A team player, able to build robust yet relaxed relationships with all stakeholders.
          </li>
        </ul>
        <ul
          class="buttongroup"
        >
          <li>
            <a
              class="bg-red text-white  "
              href="https://www.linkedin.com/in/kurtisrogers"
              target="_blank"
            >
              Visit my LinkedIn
              <span
                class="sr-only"
              >
                 (opens a new tab)
              </span>
            </a>
          </li>
          <li>
            <a
              class="bg-white text-black  "
              href="https://github.com/Kurtmcmurt/kurtisrogers.com"
              target="_blank"
            >
              Repo for the site
              <span
                class="sr-only"
              >
                 (opens a new tab)
              </span>
            </a>
          </li>
        </ul>
      </hgroup>
      <div
        class="banner__content--image fade--in"
      >
        <picture>
          <source
            media="(min-width: 1420px)"
            srcset="/images/optimised/milkyway-galaxy-forest-xl.webp"
          />
           
          <source
            media="(min-width: 960px)"
            srcset="/images/optimised/milkyway-galaxy-forest-lg.webp"
          />
           
          <img
            alt="A photo of The Milky Way, taken from the surface of Earth in a heavily wooded area. The silouhette of trees wrap the image with the sky in the background emphasising the expanse of our galaxy."
            class="w-full h-full object-cover"
            decoding="async"
            loading="lazy"
            src="/images/optimised/milkyway-galaxy-forest-md.webp"
          />
        </picture>
        <div
          class="credit"
        >
          
          <span>
            A photo of The Milky Way, taken from the surface of Earth in a heavily wooded area. The silouhette of trees wrap the image with the sky in the background emphasising the expanse of our galaxy.
          </span>
        </div>
      </div>
    </div>
  </section>
</div>
`;
